// Jest Snapshot v1, https://goo.gl/fbAQLP

exports[`Add helicopter page renders correctly 1`] = `
<div
  className="p-4 md:p-24 flex justify-center flex-col w-full md:w-3/4 lg:w-5/6 h-screen transition-all opacity-0 -translate-y-full origin-top ease-out duration-500"
  id="main"
>
  <div
    className="block p-6 rounded-lg shadow-lg bg-white w-3/4 lg:w-2/3 h-auto m-auto"
  >
    <h1
      className="mt-6 text-center text-3xl font-extrabold text-gray-900"
    >
      New helicopter 
    </h1>
    <form
      id="new_heli"
    >
      <div
        className=" mb-4"
      >
        <label
          className="inline-block text-gray-700 w-full"
          htmlFor="name"
        >
          Name
          <br />
          <input
            className="mt-2 appearance-none relative block w-full px-3 py-2 border border-gray-300 placeholder-gray-500 text-gray-900 rounded-sm focus:outline-none focus:ring-indigo-500 focus:border-indigo-500 focus:z-10 sm:text-sm"
            id="name"
            maxLength={20}
            placeholder="Enter model"
            required={true}
            type="text"
          />
        </label>
      </div>
      <div
        className=" mb-4"
      >
        <label
          className="inline-block text-gray-700 w-full"
          htmlFor="desc"
        >
          Description
          <br />
          <input
            className="mt-2 appearance-none relative block w-full px-3 py-2 border border-gray-300 placeholder-gray-500 text-gray-900 rounded-sm focus:outline-none focus:ring-indigo-500 focus:border-indigo-500 focus:z-10 sm:text-sm"
            id="desc"
            maxLength={100}
            placeholder="Enter description"
            required={true}
            type="textarea"
          />
        </label>
      </div>
      <div
        className=" mb-4"
      >
        <label
          className="inline-block text-gray-700 w-full"
          htmlFor="cost"
        >
          Cost per day
          <br />
          <input
            className="mt-2 appearance-none relative block w-full px-3 py-2 border border-gray-300 placeholder-gray-500 text-gray-900 rounded-sm focus:outline-none focus:ring-indigo-500 focus:border-indigo-500 focus:z-10 sm:text-sm"
            id="cost"
            max={10000}
            placeholder="Enter cost"
            required={true}
            type="number"
          />
        </label>
      </div>
      <div
        className=" mb-4"
      >
        <label
          className="inline-block mb-2 text-gray-700 w-full"
          htmlFor="capacity"
        >
          Capacity
          <input
            className="mt-2 appearance-none relative block w-full px-3 py-2 border border-gray-300 placeholder-gray-500 text-gray-900 rounded-sm focus:outline-none focus:ring-indigo-500 focus:border-indigo-500 focus:z-10 sm:text-sm"
            id="capacity"
            max={10}
            placeholder="Enter max number of passengers"
            required={true}
            type="number"
          />
        </label>
      </div>
      <div
        className=" mb-4"
      >
        <label
          className="inline-block text-gray-700 w-full"
          htmlFor="range"
        >
          Flying range
          <br />
          <input
            className="mt-2 appearance-none relative block w-full px-3 py-2 border border-gray-300 placeholder-gray-500 text-gray-900 rounded-sm focus:outline-none focus:ring-indigo-500 focus:border-indigo-500 focus:z-10 sm:text-sm"
            id="range"
            max={10000}
            placeholder="Enter flying range"
            required={true}
            type="number"
          />
        </label>
      </div>
      <div
        className=" mb-4"
      >
        <label
          className="inline-block text-gray-700 w-full"
          htmlFor="speed"
        >
          Flying speed
          <br />
          <input
            className="mt-2 appearance-none relative block w-full px-3 py-2 border border-gray-300 placeholder-gray-500 text-gray-900 rounded-sm focus:outline-none focus:ring-indigo-500 focus:border-indigo-500 focus:z-10 sm:text-sm"
            id="speed"
            max={1000}
            placeholder="Enter flying speed"
            required={true}
            type="number"
          />
        </label>
      </div>
      <div
        className=" mb-4"
      >
        <label
          className="inline-block text-gray-700 w-full"
          htmlFor="image"
        >
          Picture
          <br />
          <input
            className="mt-2 appearance-none relative block w-full px-3 py-2 border border-gray-300 placeholder-gray-500 text-gray-900 rounded-sm focus:outline-none focus:ring-indigo-500 focus:border-indigo-500 focus:z-10 sm:text-sm"
            id="image"
            placeholder="Enter image URL"
            required={true}
            type="text"
          />
        </label>
      </div>
      <button
        className="w-full px-6 py-2.5 bg-indigo-800 text-white font-medium text-m leading-tight rounded-full shadow-md hover:bg-purple-700 hover:shadow-lg focus:bg-purple-700 focus:shadow-lg focus:outline-none focus:ring-0 active:bg-purple-800 active:shadow-lg transition duration-150 ease-in-out cursor-pointer"
        onClick={[Function]}
        type="submit"
      >
        Add Helicopter
      </button>
    </form>
  </div>
</div>
`;
